
Laurent MG@DESKTOP-GV5IBPN MINGW64 /
$ cd '/c/Users/Laurent MG/Desktop/Projet'

Laurent MG@DESKTOP-GV5IBPN MINGW64 ~/Desktop/Projet
$ cd slim-app

Laurent MG@DESKTOP-GV5IBPN MINGW64 ~/Desktop/Projet/slim-app (master)
$ git status
On branch master
Your branch is up to date with 'origin/master'.

Changes not staged for commit:
  (use "git add <file>..." to update what will be committed)
  (use "git restore <file>..." to discard changes in working directory)
        modified:   README.md
        modified:   config/bootstrap.php

Untracked files:
  (use "git add <file>..." to include in what will be committed)
        dossier-cours/

no changes added to commit (use "git add" and/or "git commit -a")

Laurent MG@DESKTOP-GV5IBPN MINGW64 ~/Desktop/Projet/slim-app (master)
$ git add .

Laurent MG@DESKTOP-GV5IBPN MINGW64 ~/Desktop/Projet/slim-app (master)
$ git status
On branch master
Your branch is up to date with 'origin/master'.

Changes to be committed:
  (use "git restore --staged <file>..." to unstage)
        modified:   README.md
        modified:   config/bootstrap.php
        new file:   "dossier-cours/Capture d\342\200\231\303\251cran 2020-11-24
171240.png"
        new file:   "dossier-cours/Capture d\342\200\231\303\251cran 2020-11-25
101213.png"
        new file:   dossier-cours/gitbashjour2.txt
        new file:   dossier-cours/share-my-code.txt


Laurent MG@DESKTOP-GV5IBPN MINGW64 ~/Desktop/Projet/slim-app (master)
$ composer filp/whoops


  [Symfony\Component\Console\Exception\CommandNotFoundException]
  Command "filp/whoops" is not defined.



Laurent MG@DESKTOP-GV5IBPN MINGW64 ~/Desktop/Projet/slim-app (master)
$ composer require filp/whoops
Using version ^2.9 for filp/whoops
./composer.json has been updated
Running composer update filp/whoops
Loading composer repositories with package information
Updating dependencies
Lock file operations: 24 installs, 0 updates, 0 removals
  - Locking composer/package-versions-deprecated (1.11.99.1)
  - Locking doctrine/cache (1.10.2)
  - Locking doctrine/dbal (3.0.0)
  - Locking doctrine/event-manager (1.1.1)
  - Locking fig/http-message-util (1.1.5)
  - Locking filp/whoops (2.9.1)
  - Locking nikic/fast-route (v1.3.0)
  - Locking opis/closure (3.6.1)
  - Locking php-di/invoker (2.2.0)
  - Locking php-di/php-di (6.3.0)
  - Locking php-di/phpdoc-reader (2.2.1)
  - Locking php-di/slim-bridge (3.0.1)
  - Locking psr/container (1.0.0)
  - Locking psr/http-factory (1.0.1)
  - Locking psr/http-message (1.0.1)
  - Locking psr/http-server-handler (1.0.1)
  - Locking psr/http-server-middleware (1.0.1)
  - Locking psr/log (1.1.3)
  - Locking ralouphie/getallheaders (3.0.3)
  - Locking slim/psr7 (1.2.0)
  - Locking slim/slim (4.6.0)
  - Locking symfony/polyfill-ctype (v1.20.0)
  - Locking symfony/polyfill-mbstring (v1.20.0)
  - Locking twig/twig (v3.1.1)
Writing lock file
Installing dependencies from lock file (including require-dev)
Package operations: 1 install, 1 update, 0 removals
  - Downloading filp/whoops (2.9.1)
  - Downloading fig/http-message-util (1.1.5)
  - Installing filp/whoops (2.9.1): Extracting archive
  - Upgrading fig/http-message-util (1.1.4 => 1.1.5): Extracting archive
6 package suggestions were added by new dependencies, use `composer suggest` to
see details.
Generating autoload files
composer/package-versions-deprecated: Generating version class...
composer/package-versions-deprecated: ...done generating version class
10 packages you are using are looking for funding.
Use the `composer fund` command to find out more!

Laurent MG@DESKTOP-GV5IBPN MINGW64 ~/Desktop/Projet/slim-app (master)
$ git status
On branch master
Your branch is up to date with 'origin/master'.

Changes to be committed:
  (use "git restore --staged <file>..." to unstage)
        modified:   README.md
        modified:   config/bootstrap.php
        new file:   "dossier-cours/Capture d\342\200\231\303\251cran 2020-11-24
171240.png"
        new file:   "dossier-cours/Capture d\342\200\231\303\251cran 2020-11-25
101213.png"
        new file:   dossier-cours/gitbashjour2.txt
        new file:   dossier-cours/share-my-code.txt

Changes not staged for commit:
  (use "git add <file>..." to update what will be committed)
  (use "git restore <file>..." to discard changes in working directory)
        modified:   .gitignore
        modified:   composer.json
        modified:   config/bootstrap.php
        modified:   src/Controller/HomeController.php
        modified:   templates/base.html.twig
        modified:   templates/home.html.twig

Untracked files:
  (use "git add <file>..." to include in what will be committed)
        composer.lock
        "dossier-cours/Capture d\342\200\231\303\251cran 2020-11-25 105638.png"
        "dossier-cours/Capture d\342\200\231\303\251cran 2020-11-25 113556.png"
        files/
        src/File/


Laurent MG@DESKTOP-GV5IBPN MINGW64 ~/Desktop/Projet/slim-app (master)
$ git commit
Aborting commit due to empty commit message.

Laurent MG@DESKTOP-GV5IBPN MINGW64 ~/Desktop/Projet/slim-app (master)
$ ^C

Laurent MG@DESKTOP-GV5IBPN MINGW64 ~/Desktop/Projet/slim-app (master)
$
